
> Configure project :
Fabric Loom: 1.5.8

> Task :compileJava FAILED
1 actionable task: 1 executed
